// Jest Snapshot v1, https://goo.gl/fbAQLP

exports[`TeacherDash should match the snapshot 1`] = `
<main
  className="teacher-dash"
>
  <header
    className="teacher-dash-header"
  >
    <aside
      className="teacher-account-icon"
      onClick={[Function]}
    >
      <div
        className="teacher-dash-icon"
      >
        <p
          className="teacher-dash-teacher-name"
        >
          Kevin Simpson
        </p>
      </div>
    </aside>
    <h1>
      Pitch Battles for Teachers
    </h1>
    <div
      className="student-search"
    />
  </header>
  <section
    className="classes-container"
  >
    <article
      className="new-class-card"
    >
      <h4
        className="new-class-card-label"
      >
        Create New Class
      </h4>
      <form
        className="create-new-class-form"
        onSubmit={[Function]}
      >
        <input
          name="newClass"
          onChange={[Function]}
          placeholder="class name"
        />
        <button
          className="new-class-button"
        >
          create
        </button>
      </form>
    </article>
  </section>
</main>
`;
