// Jest Snapshot v1, https://goo.gl/fbAQLP

exports[`ChangePassword should match the snapshot 1`] = `
<section
  className="undefined change-password"
>
  <form
    className="undefined change-password-form"
    onSubmit={[Function]}
  >
    <p
      className="undefined password-component-text"
    >
      old password
    </p>
    <input
      className="undefined old-password-input"
      name="oldPassword"
      onChange={[Function]}
      placeholder="old password"
      type="password"
      value=""
    />
    <p
      className="undefined password-component-text"
    >
      new password
    </p>
    <input
      className="undefined new-password-input"
      name="newPassword"
      onChange={[Function]}
      placeholder="new password"
      type="password"
      value=""
    />
    <p
      className="undefined password-component-text"
    >
      confirm password
    </p>
    <input
      className="undefined new-password-confirm-input"
      name="confirmPassword"
      onChange={[Function]}
      placeholder="confirm password"
      type="password"
      value=""
    />
    <button
      type="submit"
    >
      change password
    </button>
    <p
      className="undefined false password-match-warning"
    >
      new passwords do not match
    </p>
    <p
      className="undefined false password-incorrect-warning"
    >
      old password is incorrect
    </p>
    <p
      className="undefined undefined password-change-success"
    >
      successfully changed your password
    </p>
    <p
      className="undefined false password-change-success"
    >
      missing data in fields
    </p>
  </form>
</section>
`;
