// Jest Snapshot v1, https://goo.gl/fbAQLP

exports[`ChangePassword should match the snapshot 1`] = `
<section
  className="change-password"
>
  <form
    className="change-password-form"
    onSubmit={[Function]}
  >
    <p
      className="password-component-text"
    >
      old password
    </p>
    <input
      className="old-password-input"
      name="oldPassword"
      onChange={[Function]}
      placeholder="old password"
      type="password"
      value=""
    />
    <p
      className="password-component-text"
    >
      new password
    </p>
    <input
      className="new-password-input"
      name="newPassword"
      onChange={[Function]}
      placeholder="new password"
      type="password"
      value=""
    />
    <p
      className="password-component-text"
    >
      confirm password
    </p>
    <input
      className="new-password-confirm-input"
      name="confirmPassword"
      onChange={[Function]}
      placeholder="confirm password"
      type="password"
      value=""
    />
    <button
      type="submit"
    >
      change password
    </button>
  </form>
</section>
`;
