// Jest Snapshot v1, https://goo.gl/fbAQLP

exports[`ForgotPassword should match the snapshot 1`] = `
<article
  className="forgot-pw-wrapper undefined"
>
  <p
    className="forgot-my-pw-label"
  >
    forgot my password:
  </p>
  <form
    className="forgot-password-form"
    onSubmit={[Function]}
  >
    <div
      className="password-flexbox"
    >
      <p
        className="enter-email-for-new-pw"
      >
        email
      </p>
      <input
        className="forgot-email-input"
        name="email"
        onChange={[Function]}
        type="email"
        value=""
      />
    </div>
    <input
      className="send-new-pw-btn"
      type="submit"
      value="send new password"
    />
  </form>
  <button
    className="backup-from-forgot-pw"
    onClick={[MockFunction]}
  >
    login
  </button>
</article>
`;
