// Jest Snapshot v1, https://goo.gl/fbAQLP

exports[`ForgotPassword should match the snapshot 1`] = `
<article
  className="forgot-pw-wrapper"
>
  <form
    className="forgot-password-form"
    onSubmit={[Function]}
  >
    <input
      className="forgot-email-input"
      name="email"
      onChange={[Function]}
      type="email"
      value=""
    />
    <input
      type="submit"
      value="send new password"
    />
  </form>
  <button
    className="backup-from-forgot-pw"
    onClick={[MockFunction]}
  >
    login
  </button>
</article>
`;
