// Jest Snapshot v1, https://goo.gl/fbAQLP

exports[`ForgotPassword should match the snapshot 1`] = `
<article
  className="forgot-pw-wrapper undefined"
>
  <p
    className="forgot-my-pw-label"
  >
    forgot my password:
  </p>
  <form
    className="forgot-password-form"
    onSubmit={[Function]}
  >
    <div
      className="password-flexbox"
    >
      <p
        className="enter-email-for-new-pw"
      >
        email
      </p>
      <div
        className="forgot-pw-lock-icon"
      />
      <input
        className="forgot-email-input"
        name="email"
        onChange={[Function]}
        placeholder="enter your email address"
        type="email"
        value=""
      />
    </div>
    <p
      className="pw-sent-success false"
    >
      new password sent - check your email
    </p>
    <p
      className="pw-sent-failure false"
    >
      email does not match any account
    </p>
    <button
      className="send-new-pw-btn"
    >
      send new password
    </button>
  </form>
  <button
    className="have-reset-token"
  >
    I have a reset token
  </button>
  <button
    className="backup-from-forgot-pw"
    onClick={[MockFunction]}
  >
    login
  </button>
</article>
`;
