// Jest Snapshot v1, https://goo.gl/fbAQLP

exports[`Signup should render like snapshot 1`] = `
<section
  className="signup-form undefined"
>
  <form
    onSubmit={[Function]}
  >
    <input
      name="first_name"
      onChange={[Function]}
      placeholder="first name"
      type="text"
    />
    <input
      name="last_name"
      onChange={[Function]}
      placeholder="last name"
      type="text"
      value=""
    />
    <input
      name="email"
      onChange={[Function]}
      placeholder="email"
      type="email"
      value=""
    />
    <input
      name="passwordOne"
      onChange={[Function]}
      placeholder="password"
      type="password"
    />
    <input
      name="passwordTwo"
      onChange={[Function]}
      placeholder="confirm password"
      type="password"
    />
    <section
      className="student-teacher-radio"
    >
      <div
        aria-label="choose student role"
        className="student-button 0"
        onClick={[Function]}
      >
        student
      </div>
      <div
        aria-label="choose teacher role"
        className="teacher-button 0"
        onClick={[Function]}
      >
        teacher
      </div>
    </section>
    <button
      className="sign-up-button"
      type="submit"
    >
      sign up
    </button>
  </form>
  <button>
    Login
  </button>
</section>
`;
