// Jest Snapshot v1, https://goo.gl/fbAQLP

exports[`Signup should render like snapshot 1`] = `
<section
  className="signup-form undefined"
>
  <h4
    className="signup-form-label"
  >
    signup
  </h4>
  <form
    className="signup-form-form"
    onSubmit={[Function]}
  >
    <div
      className="fn-icon name-icon"
    />
    <input
      name="first_name"
      onChange={[Function]}
      placeholder="first name"
      type="text"
    />
    <div
      className="ln-icon name-icon"
    />
    <input
      name="last_name"
      onChange={[Function]}
      placeholder="last name"
      type="text"
      value=""
    />
    <div
      className="email-icon"
    />
    <input
      name="email"
      onChange={[Function]}
      placeholder="email"
      type="email"
      value=""
    />
    <div
      className="pw1-icon pw-icon"
    />
    <input
      name="passwordOne"
      onChange={[Function]}
      placeholder="password"
      type="password"
    />
    <div
      className="pw2-icon pw-icon"
    />
    <input
      name="passwordTwo"
      onChange={[Function]}
      placeholder="confirm password"
      type="password"
    />
    <section
      className="student-teacher-radio"
    >
      <p
        className="role-label"
      >
        I am a
      </p>
      <div
        aria-label="choose student role"
        className="student-button student"
        onClick={[Function]}
      >
        student
      </div>
      <div
        aria-label="choose teacher role"
        className="teacher-button student"
        onClick={[Function]}
      >
        teacher
      </div>
    </section>
    <button
      className="sign-up-button"
      type="submit"
    >
      sign up
    </button>
  </form>
  <button
    className="return-to-login-button"
  >
    login
  </button>
</section>
`;
