// Jest Snapshot v1, https://goo.gl/fbAQLP

exports[`JoinClass should match the snapshot 1`] = `
<form
  className="join-class-form"
  onSubmit={[Function]}
>
  <p>
    Join a class - 
  </p>
  <input
    className="class-key-input"
    name="classKey"
    onChange={[Function]}
    placeholder="class key"
    type="text"
    value=""
  />
  <button
    className="join-class-submit"
  >
    join
  </button>
</form>
`;
