// Jest Snapshot v1, https://goo.gl/fbAQLP

exports[`Landing should match the snapshot 1`] = `
<main
  className="landing-page"
>
  <button
    className="toggle-dev-message-button"
    onClick={[Function]}
  />
  <header
    className="landing-page-header"
  >
    <div
      className="logo"
    />
    <h1
      className="game-title"
    >
      Pitch
      <br />
       Battles
    </h1>
  </header>
  <section
    className="login-signup-container"
  >
    <Login
      forgotPasswordScreen={[Function]}
      landingChange={[Function]}
      status={true}
    />
    <Signup
      landingChange={[Function]}
      status={false}
    />
    <ForgotPassword
      backToLogin={[Function]}
      resetPassword={[Function]}
      status={false}
    />
    <ResetPassword
      status={false}
      toLogin={[Function]}
    />
  </section>
  <p
    className="landing-version-number"
  >
    ver. 
    0.4.1
     
    20180122
  </p>
</main>
`;
