// Jest Snapshot v1, https://goo.gl/fbAQLP

exports[`StudentDash should match the snapshot 1`] = `
<main
  className="student-dash"
>
  <section
    className="student-dash-wrapper"
  >
    <header
      className="student-dash-header"
    >
      <div
        className="avatar-circle"
        onClick={[Function]}
      >
        <h3
          className="account-link-text"
        >
          account page
        </h3>
      </div>
      <div
        className="student-dash-avatar-backer"
      >
        <div
          className="student-dash-avatar seven"
        />
      </div>
      <section
        className="header-info"
      >
        <h2
          className="student-name"
        >
          Chet
           
          Manly
        </h2>
        <div
          className="student-class-dash-info"
        >
          <h2
            className="student-class-link"
            onClick={[Function]}
          >
            5th Grade Band
          </h2>
          <button
            onClick={[Function]}
          >
            leave class
          </button>
        </div>
      </section>
      <button
        className="onboarding-link"
        onClick={[Function]}
      />
    </header>
    <section
      className="new-game-section"
    >
      <button
        className="start-game"
        onClick={[Function]}
      >
        to battle!
      </button>
      <h2
        className="no-instrument-warning false"
      >
        you must select an instrument before playing...
      </h2>
      <h2
        className="instrument-label"
      >
        instrument:
      </h2>
      <h3
        className="instrument-dropdown"
        onClick={[Function]}
      >
        choose your instrument...
      </h3>
      <div
        className="deploy-arrow false"
        onClick={[Function]}
      />
      <ul
        className="instrument-dropdown-list false"
      >
        <li
          className="instrument-list-item flute"
          key="flute"
          onClick={[Function]}
        >
          flute
        </li>
        <li
          className="instrument-list-item oboe"
          key="oboe"
          onClick={[Function]}
        >
          oboe
        </li>
        <li
          className="instrument-list-item clarinet"
          key="clarinet"
          onClick={[Function]}
        >
          clarinet
        </li>
        <li
          className="instrument-list-item alto saxophone"
          key="alto saxophone"
          onClick={[Function]}
        >
          alto saxophone
        </li>
        <li
          className="instrument-list-item tenor saxophone"
          key="tenor saxophone"
          onClick={[Function]}
        >
          tenor saxophone
        </li>
        <li
          className="instrument-list-item baritone saxophone"
          key="baritone saxophone"
          onClick={[Function]}
        >
          baritone saxophone
        </li>
        <li
          className="instrument-list-item bassoon"
          key="bassoon"
          onClick={[Function]}
        >
          bassoon
        </li>
        <li
          className="instrument-list-item trumpet"
          key="trumpet"
          onClick={[Function]}
        >
          trumpet
        </li>
        <li
          className="instrument-list-item horn"
          key="horn"
          onClick={[Function]}
        >
          horn
        </li>
        <li
          className="instrument-list-item trombone"
          key="trombone"
          onClick={[Function]}
        >
          trombone
        </li>
        <li
          className="instrument-list-item baritone"
          key="baritone"
          onClick={[Function]}
        >
          baritone
        </li>
        <li
          className="instrument-list-item violin"
          key="violin"
          onClick={[Function]}
        >
          violin
        </li>
        <li
          className="instrument-list-item viola"
          key="viola"
          onClick={[Function]}
        >
          viola
        </li>
        <li
          className="instrument-list-item cello"
          key="cello"
          onClick={[Function]}
        >
          cello
        </li>
        <li
          className="instrument-list-item string bass"
          key="string bass"
          onClick={[Function]}
        >
          string bass
        </li>
        <li
          className="instrument-list-item mallet percussion (high)"
          key="mallet percussion (high)"
          onClick={[Function]}
        >
          mallet percussion (high)
        </li>
        <li
          className="instrument-list-item mallet percussion (low)"
          key="mallet percussion (low)"
          onClick={[Function]}
        >
          mallet percussion (low)
        </li>
      </ul>
    </section>
    <section
      className="student-dash-stats"
    >
      <h2
        className="total-games-played"
      >
        total battles fought:
         
        <span>
          8
        </span>
      </h2>
      <h2
        className="fastest-times"
      >
        fastest times:
      </h2>
      <div
        className="times-row"
      >
        <div
          className="time-container level_one"
          key="level one"
        >
          <h3
            className="time-label"
          >
            level one
          </h3>
          <h3
            className="time-displayed"
          >
            11.233
          </h3>
        </div>
        <div
          className="time-container level_two"
          key="level two"
        >
          <h3
            className="time-label"
          >
            level two
          </h3>
          <h3
            className="time-displayed"
          >
            16.612
          </h3>
        </div>
        <div
          className="time-container level_three"
          key="level three"
        >
          <h3
            className="time-label"
          >
            level three
          </h3>
          <h3
            className="time-displayed"
          >
            22.819
          </h3>
        </div>
        <div
          className="time-container level_four"
          key="level four"
        >
          <h3
            className="time-label"
          >
            level four
          </h3>
          <h3
            className="time-displayed"
          >
            31.625
          </h3>
        </div>
        <div
          className="time-container total_time"
          key="total time"
        >
          <h3
            className="time-label"
          >
            total time
          </h3>
          <h3
            className="time-displayed"
          >
            1
          </h3>
        </div>
      </div>
      <h2
        className="most-recent-badges"
      >
        top badges:
      </h2>
      <div
        className="badge-row"
      >
        <div
          className="badge five_games"
          key="play 5 games"
        >
          <h4
            className="badge-descriptor"
          >
            play 5 games
          </h4>
        </div>
      </div>
      <div
        className="mq-badge-row"
      />
    </section>
  </section>
</main>
`;
