// Jest Snapshot v1, https://goo.gl/fbAQLP

exports[`TeacherClassView should match the snapshot 1`] = `
<section
  className="teacher-class-view"
>
  <div
    className="loaded-teacher-class-view"
  >
    <h3
      className="class-name"
    >
      5th Grade Band
    </h3>
    <section
      className="class-table"
    >
      <article
        className="class-row"
      >
        <p>
          Name
        </p>
        <p>
          Total
        </p>
        <p>
          Level 1
        </p>
        <p>
          Level 2
        </p>
        <p>
          Level 3
        </p>
        <p>
          Level 4
        </p>
        <p>
          Delete
        </p>
      </article>
      <article
        className="class-row"
      >
        <p>
          Nick
           
          Dambrosio
        </p>
        <p>
          24
        </p>
        <p>
          11.01
        </p>
        <p>
          15.24
        </p>
        <p>
          24.64
        </p>
        <p>
          30.17
        </p>
        <p>
          Delete
        </p>
      </article>
      <article
        className="class-row"
      >
        <p>
          Nick
           
          Dambrosio
        </p>
        <p>
          24
        </p>
        <p>
          11.01
        </p>
        <p>
          15.24
        </p>
        <p>
          24.64
        </p>
        <p>
          30.17
        </p>
        <p>
          Delete
        </p>
      </article>
      <article
        className="class-row"
      >
        <p>
          Nick
           
          Dambrosio
        </p>
        <p>
          24
        </p>
        <p>
          11.01
        </p>
        <p>
          15.24
        </p>
        <p>
          24.64
        </p>
        <p>
          30.17
        </p>
        <p>
          Delete
        </p>
      </article>
      <article
        className="class-row"
      >
        <p>
          Nick
           
          Dambrosio
        </p>
        <p>
          24
        </p>
        <p>
          11.01
        </p>
        <p>
          15.24
        </p>
        <p>
          24.64
        </p>
        <p>
          30.17
        </p>
        <p>
          Delete
        </p>
      </article>
      <article
        className="class-row"
      >
        <p>
          Nick
           
          Dambrosio
        </p>
        <p>
          24
        </p>
        <p>
          11.01
        </p>
        <p>
          15.24
        </p>
        <p>
          24.64
        </p>
        <p>
          30.17
        </p>
        <p>
          Delete
        </p>
      </article>
      <article
        className="class-row"
      >
        <p>
          Nick
           
          Dambrosio
        </p>
        <p>
          24
        </p>
        <p>
          11.01
        </p>
        <p>
          15.24
        </p>
        <p>
          24.64
        </p>
        <p>
          30.17
        </p>
        <p>
          Delete
        </p>
      </article>
      <article
        className="class-row"
      >
        <p>
          Nick
           
          Dambrosio
        </p>
        <p>
          24
        </p>
        <p>
          11.01
        </p>
        <p>
          15.24
        </p>
        <p>
          24.64
        </p>
        <p>
          30.17
        </p>
        <p>
          Delete
        </p>
      </article>
      <article
        className="class-row"
      >
        <p>
          Nick
           
          Dambrosio
        </p>
        <p>
          24
        </p>
        <p>
          11.01
        </p>
        <p>
          15.24
        </p>
        <p>
          24.64
        </p>
        <p>
          30.17
        </p>
        <p>
          Delete
        </p>
      </article>
      <article
        className="class-row"
      >
        <p>
          Nick
           
          Dambrosio
        </p>
        <p>
          24
        </p>
        <p>
          11.01
        </p>
        <p>
          15.24
        </p>
        <p>
          24.64
        </p>
        <p>
          30.17
        </p>
        <p>
          Delete
        </p>
      </article>
      <article
        className="class-row"
      >
        <p>
          Nick
           
          Dambrosio
        </p>
        <p>
          24
        </p>
        <p>
          11.01
        </p>
        <p>
          15.24
        </p>
        <p>
          24.64
        </p>
        <p>
          30.17
        </p>
        <p>
          Delete
        </p>
      </article>
      <article
        className="class-row"
      >
        <p>
          Nick
           
          Dambrosio
        </p>
        <p>
          24
        </p>
        <p>
          11.01
        </p>
        <p>
          15.24
        </p>
        <p>
          24.64
        </p>
        <p>
          30.17
        </p>
        <p>
          Delete
        </p>
      </article>
      <article
        className="class-row"
      >
        <p>
          Nick
           
          Dambrosio
        </p>
        <p>
          24
        </p>
        <p>
          11.01
        </p>
        <p>
          15.24
        </p>
        <p>
          24.64
        </p>
        <p>
          30.17
        </p>
        <p>
          Delete
        </p>
      </article>
      <article
        className="class-row"
      >
        <p>
          Nick
           
          Dambrosio
        </p>
        <p>
          24
        </p>
        <p>
          11.01
        </p>
        <p>
          15.24
        </p>
        <p>
          24.64
        </p>
        <p>
          30.17
        </p>
        <p>
          Delete
        </p>
      </article>
      <article
        className="class-row"
      >
        <p>
          Nick
           
          Dambrosio
        </p>
        <p>
          24
        </p>
        <p>
          11.01
        </p>
        <p>
          15.24
        </p>
        <p>
          24.64
        </p>
        <p>
          30.17
        </p>
        <p>
          Delete
        </p>
      </article>
      <article
        className="class-row"
      >
        <p>
          Nick
           
          Dambrosio
        </p>
        <p>
          24
        </p>
        <p>
          11.01
        </p>
        <p>
          15.24
        </p>
        <p>
          24.64
        </p>
        <p>
          30.17
        </p>
        <p>
          Delete
        </p>
      </article>
      <article
        className="class-row"
      >
        <p>
          Nick
           
          Dambrosio
        </p>
        <p>
          24
        </p>
        <p>
          11.01
        </p>
        <p>
          15.24
        </p>
        <p>
          24.64
        </p>
        <p>
          30.17
        </p>
        <p>
          Delete
        </p>
      </article>
      <article
        className="class-row"
      >
        <p>
          Nick
           
          Dambrosio
        </p>
        <p>
          24
        </p>
        <p>
          11.01
        </p>
        <p>
          15.24
        </p>
        <p>
          24.64
        </p>
        <p>
          30.17
        </p>
        <p>
          Delete
        </p>
      </article>
      <article
        className="class-row"
      >
        <p>
          Nick
           
          Dambrosio
        </p>
        <p>
          24
        </p>
        <p>
          11.01
        </p>
        <p>
          15.24
        </p>
        <p>
          24.64
        </p>
        <p>
          30.17
        </p>
        <p>
          Delete
        </p>
      </article>
      <article
        className="class-row"
      >
        <p>
          Nick
           
          Dambrosio
        </p>
        <p>
          24
        </p>
        <p>
          11.01
        </p>
        <p>
          15.24
        </p>
        <p>
          24.64
        </p>
        <p>
          30.17
        </p>
        <p>
          Delete
        </p>
      </article>
    </section>
  </div>
</section>
`;
