// Jest Snapshot v1, https://goo.gl/fbAQLP

exports[`EditAvatar should match the snapshot 1`] = `
<section
  className="edit-avatar-section true"
>
  <div
    className="avatar-editor-current two"
  />
  <div
    className="avatar-left-arrow true"
    onClick={[Function]}
  />
  <div
    className="avatar-right-arrow true"
    onClick={[Function]}
  />
  <button
    className="change-avatar-button"
  >
    choose avatar
  </button>
</section>
`;
