// Jest Snapshot v1, https://goo.gl/fbAQLP

exports[`EditAvatar should match the snapshot 1`] = `
<section
  className="edit-avatar-section true"
>
  <h3
    className="avatar-editor-label"
  >
    change your avatar
  </h3>
  <div
    className="edit-avatar-circle"
  />
  <div
    className="avatar-editor-avatar-backer"
  >
    <div
      className="avatar-editor-current two"
    />
  </div>
  <div
    className="avatar-left-arrow true"
    onClick={[Function]}
  />
  <div
    className="avatar-right-arrow true"
    onClick={[Function]}
  />
  <button
    className="change-avatar-button"
    onClick={[Function]}
  >
    choose avatar
  </button>
  <p
    className="false avatar-success"
  >
    success!
  </p>
  <p
    className="false avatar-fail"
  >
    server error...
  </p>
</section>
`;
