// Jest Snapshot v1, https://goo.gl/fbAQLP

exports[`ResetPassword should match the snapshot 1`] = `
<article
  className="reset-password-container-frame undefined"
>
  <form
    className="reset-password-form "
    onSubmit={[Function]}
  >
    <p
      className="reset-pw-label"
    >
      reset password
    </p>
    <div
      className="password-reset-icon-one"
    />
    <input
      className="reset-pw-input pw-reset-field"
      name="password"
      onChange={[Function]}
      placeholder="password"
      type="password"
      value=""
    />
    <div
      className="password-reset-icon-two"
    />
    <input
      className="reset-pw-input confirm-pw-reset-field"
      name="confirmPassword"
      onChange={[Function]}
      placeholder="confirm password"
      type="password"
      value=""
    />
    <div
      className="webtoken-icon"
    />
    <input
      className="reset-pw-input webtoken-pw-reset-field"
      name="webToken"
      onChange={[Function]}
      placeholder="reset token"
      value=""
    />
    <button
      className="reset-pw-button"
    >
      reset password
    </button>
  </form>
  <p
    className="success-message-reset false"
  >
    password succesfully changed!
  </p>
  <p
    className="fail-message-reset false"
  >
    attempt failed - check your webtoken!
  </p>
  <p
    className="no-pw-match-reset false"
  >
    passwords do not match!
  </p>
  <button
    className="back-to-login-btn"
  >
    login
  </button>
</article>
`;
