// Jest Snapshot v1, https://goo.gl/fbAQLP

exports[`Game should match the snapshot 1`] = `
<main
  className="game-main"
>
  <div
    className="game-area-wrapper"
  >
    <header
      className="game-header"
    >
      <div
        className="game-avatar-circle"
        onClick={[Function]}
      />
      <div
        className="avatar-border"
      >
        <div
          className="header-avatar nine"
        />
      </div>
      <GameUserModal
        endGame={[Function]}
        instrument="flute"
        reset={[Function]}
        status={false}
      />
      <section
        className="hearts-and-timer"
      >
        <Hearts
          character="player-hearts"
          hearts={
            Array [
              0,
              1,
              2,
            ]
          }
        />
        <div
          className="timer-frame"
        >
          <h3
            className="timer"
          >
            -
          </h3>
        </div>
        <Hearts
          character="monster-hearts"
          hearts={Array []}
        />
      </section>
    </header>
    <section
      className="gameplay-frame"
    >
      <Player
        avatar={9}
        status="idle"
      />
      <Monster
        level={1}
        status="idle"
      />
    </section>
    <button
      className="kickoff-btn false"
      onClick={[Function]}
    >
      start
    </button>
    <Staff
      clef="treble"
      correct="idle"
      incorrect="idle"
      submitGuess={[Function]}
    />
  </div>
</main>
`;
