// Jest Snapshot v1, https://goo.gl/fbAQLP

exports[`Game should match the snapshot 1`] = `
<main
  className="game-main"
>
  <div
    className="game-area-wrapper"
  >
    <header
      className="game-header"
    >
      <div
        className="avatar-border"
        onClick={[Function]}
      >
        <div
          className="header-avatar nine"
        />
      </div>
      <GameUserModal
        endGame={[Function]}
        instrument="flute"
        reset={[Function]}
        status={false}
      />
      <section
        className="hearts-and-timer"
      >
        <Hearts
          character="player-hearts"
          hearts={
            Array [
              0,
              1,
              2,
            ]
          }
        />
        <div
          className="timer-frame"
        >
          <h3
            className="timer"
          >
            0
          </h3>
        </div>
        <Hearts
          character="monster-hearts"
          hearts={
            Array [
              Object {
                "level": 1,
                "pitch": "b",
                "position": "line-three",
              },
              Object {
                "level": 1,
                "pitch": "c",
                "position": "space-three",
              },
              Object {
                "level": 1,
                "pitch": "d",
                "position": "line-four",
              },
              Object {
                "level": 1,
                "pitch": "e",
                "position": "space-four",
              },
              Object {
                "level": 1,
                "pitch": "f",
                "position": "line-five",
              },
            ]
          }
        />
      </section>
    </header>
    <section
      className="gameplay-frame"
    >
      <Player
        avatar={9}
        status="idle"
      />
      <Monster
        level={1}
        status="idle"
      />
    </section>
    <Staff
      clef="treble"
      submitGuess={[Function]}
    />
  </div>
</main>
`;
