// Jest Snapshot v1, https://goo.gl/fbAQLP

exports[`App should match the snapshot 1`] = `
<div
  className="App false"
>
  <section
    className="name-game-student-wrapper"
  >
    <AnimatedBackground
      instance="main-floating-backer"
    />
    <Landing
      badLogin={false}
      badSignUp={false}
      loginUser={[Function]}
      signUpSuccessful={false}
      signUpUser={[Function]}
    />
    }
  </section>
</div>
`;
