// Jest Snapshot v1, https://goo.gl/fbAQLP

exports[`GameUserModal should match the snapshot 1`] = `
<aside
  className="game-user-modal true"
>
  <h4
    className="game-modal-username"
  >
    Joey
  </h4>
  <p
    className="current-instrument-label"
  >
    instrument
  </p>
  <p
    className="current-instrument"
  >
    triangle
  </p>
  <p
    className="undefined resetting-message"
  >
    resetting...
  </p>
  <p
    className="undefined exiting-message"
  >
    exiting...
  </p>
  <button
    className="reset-game-button"
    onClick={[MockFunction]}
  >
    reset
  </button>
  <button
    className="exit-game-button"
    onClick={[Function]}
  >
    exit
  </button>
</aside>
`;
