// Jest Snapshot v1, https://goo.gl/fbAQLP

exports[`TeacherUI should match the snapshot 1`] = `
<main
  className="teacher-ui"
>
  hello teacher
  <form
    className="new-class-form"
    onSubmit={[Function]}
  >
    <input
      name="nameOfClass"
      onChange={[Function]}
      placeholder="name of new class"
      type="text"
      value=""
    />
    <input
      type="submit"
    />
  </form>
</main>
`;
