// Jest Snapshot v1, https://goo.gl/fbAQLP

exports[`Login should render like snapshot 1`] = `
<section
  className="login-form undefined"
>
  <form
    onSubmit={[Function]}
  >
    <input
      name="email"
      onChange={[Function]}
      placeholder="email"
      type="email"
      value=""
    />
    <input
      name="password"
      onChange={[Function]}
      placeholder="password"
      type="password"
      value=""
    />
    <button>
      Login
    </button>
  </form>
  <button>
    Sign Up
  </button>
</section>
`;
