// Jest Snapshot v1, https://goo.gl/fbAQLP

exports[`Login should render like snapshot 1`] = `
<section
  className="login-form undefined"
>
  <h4
    className="login-form-label"
  >
    login
  </h4>
  <form
    className="login-form-form"
    onSubmit={[Function]}
  >
    <div
      className="login-email-icon"
    />
    <input
      className="login-email-input"
      name="email"
      onChange={[Function]}
      placeholder="email"
      type="email"
      value=""
    />
    <div
      className="login-pw-icon"
    />
    <input
      className="login-password-input"
      name="password"
      onChange={[Function]}
      placeholder="password"
      type="password"
      value=""
    />
    <button
      className="login-form-button"
    >
      login
    </button>
    <p
      className="undefined login-warning"
    >
      invalid email/password combination
    </p>
    <p
      className="undefined logging-in-message"
    >
      logging you in...
    </p>
  </form>
  <button
    className="forgot-my-password-link"
  >
    forgot my password
  </button>
  <button
    className="signup-form-switch-button"
  >
    sign up
  </button>
</section>
`;
