// Jest Snapshot v1, https://goo.gl/fbAQLP

exports[`StudentRow should match the snapshot 1`] = `
<article
  className="class-row"
>
  <p
    className="student-select-clicker"
    onClick={[Function]}
  >
    kevin
     
    simpson
  </p>
  <p />
  <p>
    1
  </p>
  <p>
    2
  </p>
  <p>
    3
  </p>
  <p>
    4
  </p>
  <p
    className="student-row-delete"
    onClick={[Function]}
  >
    Delete
  </p>
  <div
    className="student-delete-warning false"
  >
    <p>
      Remove 
      kevin
       from the class?
    </p>
    <button
      className="delete-student-btn"
      onClick={[Function]}
    >
      remove
    </button>
    <button
      className="cancel-student-delete"
      onClick={[Function]}
    >
      cancel
    </button>
  </div>
</article>
`;
